// Jest Snapshot v1, https://goo.gl/fbAQLP

exports[`ClickButton should render correctly 1`] = `<clickbutton />`;
